-[ RECORD 1 ]---
last_value | 667

-[ RECORD 1 ]---
last_value | 668

-[ RECORD 1 ]---
last_value | 669

-[ RECORD 1 ]---
last_value | 670

-[ RECORD 1 ]---
last_value | 671

