-[ RECORD 1 ]-----------------
nspname | app
-[ RECORD 2 ]-----------------
nspname | copy
-[ RECORD 3 ]-----------------
nspname | foo
-[ RECORD 4 ]-----------------
nspname | partitioned_tables
-[ RECORD 5 ]-----------------
nspname | public
-[ RECORD 6 ]-----------------
nspname | schema_name_20_chars
-[ RECORD 7 ]-----------------
nspname | seq

