-[ RECORD 1 ]---
nspname | public
-[ RECORD 2 ]---
nspname | foo

