-[ RECORD 1 ]----
id | 11000
a  | 1
b  | f
c  | [1, 2, 3, 4]
-[ RECORD 2 ]----
id | 10999
a  | 1
b  | f
c  | [1, 2, 3, 4]

