-[ RECORD 1 ]---
last_value | 667

-[ RECORD 1 ]---
last_value | 667

